// Jest Snapshot v1, https://goo.gl/fbAQLP

exports[`Name of the group renders correctly 1`] = `
<DocumentFragment>
  <div
    class="article-container"
  >
    <div>
      <div
        class="sidebar-container"
      >
        <div
          class="sidebar-filters-text"
        >
          Sort by Date:
          <button
            class="sidebar-button"
            data-testid="button1"
            disabled=""
          >
            Most Recent
          </button>
          <button
            class="sidebar-button"
            data-testid="button2"
          >
            Oldest
          </button>
        </div>
        <div
          class="sidebar-filters-text"
          data-testid="filter"
        >
          Filter by Source:
          <select>
            console.log()
            <option
              value=""
            >
              -All Sources-
            </option>
          </select>
        </div>
      </div>
    </div>
    <div />
  </div>
</DocumentFragment>
`;
